[maha-cv-resume-bootstrap.vercel.app/home-one.html]
[backblue.gif]
[fade.gif]
[index.html]
[maha-cv-resume-bootstrap.vercel.app/assets/images/favicon.ico]
[maha-cv-resume-bootstrap.vercel.app/assets/images/apple-icon.png]
[maha-cv-resume-bootstrap.vercel.app/assets/images/apple-icon-72x72.png]
[maha-cv-resume-bootstrap.vercel.app/assets/images/apple-icon-114x114.png]
[maha-cv-resume-bootstrap.vercel.app/assets/icons/font-awesome-4.7.0/css/font-awesome.min.css]
[maha-cv-resume-bootstrap.vercel.app/assets/plugins/css/bootstrap.min.css]
[maha-cv-resume-bootstrap.vercel.app/assets/plugins/css/animate.css]
[maha-cv-resume-bootstrap.vercel.app/assets/plugins/css/owl.css]
[maha-cv-resume-bootstrap.vercel.app/assets/plugins/css/jquery.fancybox.min.css]
[maha-cv-resume-bootstrap.vercel.app/assets/css/styles.css]
[maha-cv-resume-bootstrap.vercel.app/assets/css/responsive.css]
[maha-cv-resume-bootstrap.vercel.app/assets/css/colors/blue.css]
[maha-cv-resume-bootstrap.vercel.app/assets/css/colors/green.css]
[maha-cv-resume-bootstrap.vercel.app/assets/css/colors/blue-munsell.css]
[maha-cv-resume-bootstrap.vercel.app/assets/css/colors/orange.css]
[maha-cv-resume-bootstrap.vercel.app/assets/css/colors/purple.css]
[maha-cv-resume-bootstrap.vercel.app/assets/css/colors/slate.css]
[maha-cv-resume-bootstrap.vercel.app/assets/css/colors/yellow.css]
[maha-cv-resume-bootstrap.vercel.app/assets/images/fedalon_logo.png]
[maha-cv-resume-bootstrap.vercel.app/assets/images/hero.png]
[maha-cv-resume-bootstrap.vercel.app/assets/images/ab-img.png]
[maha-cv-resume-bootstrap.vercel.app/assets/images/portfolio/g1.jpg]
[maha-cv-resume-bootstrap.vercel.app/assets/images/portfolio/g2.png]
[maha-cv-resume-bootstrap.vercel.app/assets/images/portfolio/g3.png]
[maha-cv-resume-bootstrap.vercel.app/assets/images/portfolio/g5.png]
[maha-cv-resume-bootstrap.vercel.app/assets/images/portfolio/g4.png]
[maha-cv-resume-bootstrap.vercel.app/assets/images/portfolio/g6.png]
[maha-cv-resume-bootstrap.vercel.app/assets/images/portfolio/g8.png]
[maha-cv-resume-bootstrap.vercel.app/assets/images/portfolio/g9.png]
[maha-cv-resume-bootstrap.vercel.app/assets/images/portfolio/g7.jpg]
[maha-cv-resume-bootstrap.vercel.app/assets/images/pr-0.jif]
[maha-cv-resume-bootstrap.vercel.app/assets/images/pr-1.jif]
[maha-cv-resume-bootstrap.vercel.app/assets/images/b-3.png]
[maha-cv-resume-bootstrap.vercel.app/blog-single.html]
[maha-cv-resume-bootstrap.vercel.app/assets/images/b-2.png]
[maha-cv-resume-bootstrap.vercel.app/assets/images/b-1.png]
[maha-cv-resume-bootstrap.vercel.app/assets/images/c-1.png]
[maha-cv-resume-bootstrap.vercel.app/assets/plugins/js/jquery.min.js]
[maha-cv-resume-bootstrap.vercel.app/assets/plugins/js/popper.min.js]
[maha-cv-resume-bootstrap.vercel.app/assets/plugins/js/bootstrap.min.js]
[maha-cv-resume-bootstrap.vercel.app/assets/plugins/js/owl.carousel.js]
[maha-cv-resume-bootstrap.vercel.app/assets/plugins/js/validator.min.js]
[maha-cv-resume-bootstrap.vercel.app/assets/plugins/js/wow.min.js]
[maha-cv-resume-bootstrap.vercel.app/assets/plugins/js/jquery.mixitup.min.js]
[maha-cv-resume-bootstrap.vercel.app/assets/plugins/js/circle-progress.js]
[maha-cv-resume-bootstrap.vercel.app/assets/plugins/js/jquery.nav.js]
[maha-cv-resume-bootstrap.vercel.app/assets/plugins/js/jquery.fancybox.min.js]
[maha-cv-resume-bootstrap.vercel.app/assets/plugins/js/isotope.pkgd.js]
[maha-cv-resume-bootstrap.vercel.app/assets/plugins/js/packery-mode.pkgd.js]
[maha-cv-resume-bootstrap.vercel.app/assets/js/map-init.js]
[maha-cv-resume-bootstrap.vercel.app/assets/js/custom-scripts.js]
[maha-cv-resume-bootstrap.vercel.app/demo/demo.css]
[maha-cv-resume-bootstrap.vercel.app/demo/styleswitcher.js]
[maha-cv-resume-bootstrap.vercel.app/demo/demo.js]
[maha-cv-resume-bootstrap.vercel.app/assets/images/h1w.png]
[maha-cv-resume-bootstrap.vercel.app/home-one-w.html]
[maha-cv-resume-bootstrap.vercel.app/assets/images/h1.png]
[maha-cv-resume-bootstrap.vercel.app/home-two.html]
[maha-cv-resume-bootstrap.vercel.app/assets/images/h2w.png]
[maha-cv-resume-bootstrap.vercel.app/home-two-w.html]
[maha-cv-resume-bootstrap.vercel.app/assets/images/h2.png]
[maha-cv-resume-bootstrap.vercel.app/home-rtl.html]
[maha-cv-resume-bootstrap.vercel.app/assets/images/h3w.png]
[maha-cv-resume-bootstrap.vercel.app/home-rtl-w.html]
[maha-cv-resume-bootstrap.vercel.app/assets/images/h3.png]
[maha-cv-resume-bootstrap.vercel.app/home-one.html]
[maha-cv-resume-bootstrap.vercel.app/assets/icons/font-awesome-4.7.0/fonts/fontawesome-webfont3e6e.eot]
[maha-cv-resume-bootstrap.vercel.app/assets/icons/font-awesome-4.7.0/fonts/fontawesome-webfontd41d.eot]
[maha-cv-resume-bootstrap.vercel.app/assets/icons/font-awesome-4.7.0/fonts/fontawesome-webfont3e6e.woff2]
[maha-cv-resume-bootstrap.vercel.app/assets/icons/font-awesome-4.7.0/fonts/fontawesome-webfont3e6e.woff]
[maha-cv-resume-bootstrap.vercel.app/assets/icons/font-awesome-4.7.0/fonts/fontawesome-webfont3e6e.ttf]
[maha-cv-resume-bootstrap.vercel.app/assets/icons/font-awesome-4.7.0/css/font-awesome.min.css]
[maha-cv-resume-bootstrap.vercel.app/assets/plugins/css/bootstrap.min.css]
[maha-cv-resume-bootstrap.vercel.app/assets/plugins/css/animate.css]
[maha-cv-resume-bootstrap.vercel.app/assets/icons/font-awesome-4.7.0/fonts/fontawesome-webfont3e6e.svg]
[maha-cv-resume-bootstrap.vercel.app/assets/plugins/css/owl.video.play.49.delayed]
[maha-cv-resume-bootstrap.vercel.app/assets/plugins/css/owl.css]
[maha-cv-resume-bootstrap.vercel.app/assets/plugins/css/jquery.fancybox.min.css]
[maha-cv-resume-bootstrap.vercel.app/assets/images/footer-bg.png]
[maha-cv-resume-bootstrap.vercel.app/assets/images/home-bg-img.jpg]
[maha-cv-resume-bootstrap.vercel.app/assets/images/extra-feature-bg.jpg]
[maha-cv-resume-bootstrap.vercel.app/assets/images/map-color-overlay.png]
[maha-cv-resume-bootstrap.vercel.app/assets/images/header-bg-2.png]
[maha-cv-resume-bootstrap.vercel.app/assets/images/slider/status.gif]
[maha-cv-resume-bootstrap.vercel.app/assets/css/styles.css]
[maha-cv-resume-bootstrap.vercel.app/assets/css/responsive.css]
[maha-cv-resume-bootstrap.vercel.app/assets/css/colors/blue.css]
[maha-cv-resume-bootstrap.vercel.app/assets/css/colors/defauld.css]
[maha-cv-resume-bootstrap.vercel.app/assets/css/colors/green.css]
[maha-cv-resume-bootstrap.vercel.app/assets/css/colors/blue-munsell.css]
[maha-cv-resume-bootstrap.vercel.app/assets/css/colors/orange.css]
[maha-cv-resume-bootstrap.vercel.app/assets/css/colors/purple.css]
[maha-cv-resume-bootstrap.vercel.app/assets/css/colors/slate.css]
[maha-cv-resume-bootstrap.vercel.app/assets/css/colors/yellow.css]
[maha-cv-resume-bootstrap.vercel.app/assets/images/b-author.jpg]
[maha-cv-resume-bootstrap.vercel.app/blog-single.html]
[maha-cv-resume-bootstrap.vercel.app/demo/demo.css]
[maha-cv-resume-bootstrap.vercel.app/home-one-w.html]
[cdnjs.cloudflare.com/ajax/libs/jquery/2.1.3/jquery.min.js]
[cdn.jsdelivr.net/jquery.mixitup/latest/jquery.mixitup.min.js]
[maha-cv-resume-bootstrap.vercel.app/assets/images/p-2.png]
[maha-cv-resume-bootstrap.vercel.app/home-two.html]
[maha-cv-resume-bootstrap.vercel.app/home-two-w.html]
[maha-cv-resume-bootstrap.vercel.app/home-rtl.html]
[maha-cv-resume-bootstrap.vercel.app/home-rtl-w.html]
[maha-cv-resume-bootstrap.vercel.app/assets/icons/font-awesome-4.7.0/fonts/fontawesome-webfont3e6e.svg]
[maha-cv-resume-bootstrap.vercel.app/assets/plugins/css/owl.video.play.html]
